HrAttendancePage 1920 1920 0 0
HrAttendancePage 1600 1600 0 0
HrAttendancePage 1536 1536 0 0
HrAttendancePage 1440 1440 0 0
HrAttendancePage 1366 1366 0 0
HrAttendancePage 1280 1280 0 0
HrAttendancePage 1200 1200 0 0
HrAttendancePage 1024 1024 0 0
HrAttendancePage 430 415 0 0
HrAttendancePage 390 375 0 0
HrAttendancePage 375 360 0 0
HrContractsPage 1920 1920 0 0
HrContractsPage 1600 1600 0 0
HrContractsPage 1536 1536 0 0
HrContractsPage 1440 1440 0 0
HrContractsPage 1366 1366 0 0
HrContractsPage 1280 1280 0 0
HrContractsPage 1200 1200 0 0
HrContractsPage 1024 1024 0 0
HrContractsPage 430 415 0 0
HrContractsPage 390 375 0 0
HrContractsPage 375 360 0 0
HrDepartmentsPage 1920 1920 0 0
HrDepartmentsPage 1600 1600 0 0
HrDepartmentsPage 1536 1536 0 0
HrDepartmentsPage 1440 1440 0 0
HrDepartmentsPage 1366 1366 0 0
HrDepartmentsPage 1280 1280 0 0
HrDepartmentsPage 1200 1200 0 0
HrDepartmentsPage 1024 1024 0 0
HrDepartmentsPage 430 430 0 0
HrDepartmentsPage 390 390 0 0
HrDepartmentsPage 375 375 0 0
HrJobTitlesPage 1920 1920 0 0
HrJobTitlesPage 1600 1600 0 0
HrJobTitlesPage 1536 1536 0 0
HrJobTitlesPage 1440 1440 0 0
HrJobTitlesPage 1366 1366 0 0
HrJobTitlesPage 1280 1280 0 0
HrJobTitlesPage 1200 1200 0 0
HrJobTitlesPage 1024 1024 0 0
HrJobTitlesPage 430 430 0 0
HrJobTitlesPage 390 390 0 0
HrJobTitlesPage 375 375 0 0
HrPermissionsPage 1920 1920 0 0
HrPermissionsPage 1600 1600 0 0
HrPermissionsPage 1536 1536 0 0
HrPermissionsPage 1440 1440 0 0
HrPermissionsPage 1366 1366 0 0
HrPermissionsPage 1280 1280 0 0
HrPermissionsPage 1200 1200 0 0
HrPermissionsPage 1024 1024 0 0
HrPermissionsPage 430 430 0 0
HrPermissionsPage 390 390 0 0
HrPermissionsPage 375 375 0 0
HrEmployeeHomePage 1920 1905 0 0
HrEmployeeHomePage 1600 1585 0 0
HrEmployeeHomePage 1536 1521 0 0
HrEmployeeHomePage 1440 1425 0 0
HrEmployeeHomePage 1366 1351 0 0
HrEmployeeHomePage 1280 1265 0 0
HrEmployeeHomePage 1200 1185 0 0
HrEmployeeHomePage 1024 1009 0 0
HrEmployeeHomePage 430 415 0 0
HrEmployeeHomePage 390 375 0 0
HrEmployeeHomePage 375 360 0 0
leaves 1920 1920 0 0
leaves 1600 1600 0 0
leaves 1536 1536 0 0
leaves 1440 1440 0 0
leaves 1366 1366 0 0
leaves 1280 1280 0 0
leaves 1200 1200 0 0
leaves 1024 1009 0 0
leaves 430 415 1 0
leaves 390 375 1 0
leaves 375 360 1 0
employees 1920 1920 0 0
employees 1600 1600 0 0
employees 1536 1536 0 0
employees 1440 1440 0 0
employees 1366 1366 0 0
employees 1280 1280 0 0
employees 1200 1200 0 0
employees 1024 1024 0 0
employees 430 430 1 0
employees 390 390 1 0
employees 375 360 1 0
